BL51 BANKED LINKER/LOCATER V6.22                                                        12/20/2018  10:09:49  PAGE 1


BL51 BANKED LINKER/LOCATER V6.22, INVOKED BY:
C:\KEIL_V5\C51\BIN\BL51.EXE .\Objects\test.obj TO .\Objects\test PRINT (.\Listings\test.m51)


MEMORY MODEL: SMALL


INPUT MODULES INCLUDED:
  .\Objects\test.obj (TEST)
  C:\KEIL_V5\C51\LIB\C51S.LIB (?C_STARTUP)
  C:\KEIL_V5\C51\LIB\C51S.LIB (?C?IMUL)
  C:\KEIL_V5\C51\LIB\C51S.LIB (?C?UIDIV)
  C:\KEIL_V5\C51\LIB\C51S.LIB (?C?SLDIV)
  C:\KEIL_V5\C51\LIB\C51S.LIB (?C_INIT)
  C:\KEIL_V5\C51\LIB\C51S.LIB (?C?ULDIV)


LINK MAP OF MODULE:  .\Objects\test (TEST)


            TYPE    BASE      LENGTH    RELOCATION   SEGMENT NAME
            -----------------------------------------------------

            * * * * * * *   D A T A   M E M O R Y   * * * * * * *
            REG     0000H     0008H     ABSOLUTE     "REG BANK 0"
            DATA    0008H     000BH     UNIT         _DATA_GROUP_
            DATA    0013H     0009H     UNIT         ?DT?TEST
            IDATA   001CH     0001H     UNIT         ?STACK

            * * * * * * *   C O D E   M E M O R Y   * * * * * * *
            CODE    0000H     0003H     ABSOLUTE     
            CODE    0003H     0135H     UNIT         ?C?LIB_CODE
            CODE    0138H     0095H     INBLOCK      ?PR?_DISPLAY?TEST
            CODE    01CDH     008CH     UNIT         ?C_C51STARTUP
            CODE    0259H     008BH     INBLOCK      ?PR?KEY?TEST
            CODE    02E4H     0064H     INBLOCK      ?PR?_TIMER0?TEST
            CODE    0348H     0064H     INBLOCK      ?PR?_TIMER1?TEST
            CODE    03ACH     0048H     INBLOCK      ?PR?_WE?TEST
            CODE    03F4H     0044H     UNIT         ?C?LDIV
            CODE    0438H     001AH     INBLOCK      ?PR?MAIN?TEST
            CODE    0452H     0016H     INBLOCK      ?PR?UART?TEST
            CODE    0468H     0011H     UNIT         ?CO?TEST
            CODE    0479H     000BH     INBLOCK      ?PR?_DELAY?TEST
            CODE    0484H     0004H     UNIT         ?C_INITSEG



OVERLAY MAP OF MODULE:   .\Objects\test (TEST)


SEGMENT                          DATA_GROUP 
  +--> CALLED SEGMENT          START    LENGTH
----------------------------------------------
?C_C51STARTUP                  -----    -----
  +--> ?PR?MAIN?TEST
  +--> ?C_INITSEG

?PR?MAIN?TEST                  -----    -----
BL51 BANKED LINKER/LOCATER V6.22                                                      12/20/2018  10:09:49  PAGE 2


  +--> ?PR?_DISPLAY?TEST
  +--> ?PR?_TIMER0?TEST
  +--> ?PR?_TIMER1?TEST
  +--> ?PR?UART?TEST
  +--> ?PR?KEY?TEST

?PR?_DISPLAY?TEST              0008H    000BH
  +--> ?PR?_WE?TEST
  +--> ?CO?TEST
  +--> ?PR?_DELAY?TEST

?PR?_TIMER0?TEST               0008H    0002H

?PR?_TIMER1?TEST               0008H    0002H

?PR?KEY?TEST                   0008H    0001H
  +--> ?PR?_DELAY?TEST



SYMBOL TABLE OF MODULE:  .\Objects\test (TEST)

  VALUE           TYPE          NAME
  ----------------------------------

  -------         MODULE        TEST
  C:0000H         SYMBOL        _ICE_DUMMY_
  D:0080H         PUBLIC        P0
  D:0090H         PUBLIC        P1
  D:00A0H         PUBLIC        P2
  D:00B0H         PUBLIC        P3
  B:00A8H.7       PUBLIC        EA
  D:0013H         PUBLIC        th0
  D:0015H         PUBLIC        th1
  D:00A8H         PUBLIC        IE
  D:0017H         PUBLIC        tl0
  C:0479H         PUBLIC        _delay
  D:0019H         PUBLIC        tl1
  B:00A8H.4       PUBLIC        ES
  D:00B8H         PUBLIC        IP
  D:001BH         PUBLIC        keynum
  C:0438H         PUBLIC        main
  D:0087H         PUBLIC        PCON
  D:0098H         PUBLIC        SCON
  D:0089H         PUBLIC        TMOD
  D:0088H         PUBLIC        TCON
  C:0452H         PUBLIC        uart
  B:00A8H.1       PUBLIC        ET0
  C:0259H         PUBLIC        key
  D:008CH         PUBLIC        TH0
  D:008DH         PUBLIC        TH1
  D:008AH         PUBLIC        TL0
  D:008BH         PUBLIC        TL1
  C:02E4H         PUBLIC        _timer0
  C:0348H         PUBLIC        _timer1
  B:0088H.4       PUBLIC        TR0
  B:0088H.6       PUBLIC        TR1
BL51 BANKED LINKER/LOCATER V6.22                                                      12/20/2018  10:09:49  PAGE 3


  C:0468H         PUBLIC        du
  C:03ACH         PUBLIC        _we
  B:00A0H.2       PUBLIC        LSA
  B:00A0H.3       PUBLIC        LSB
  B:00A0H.4       PUBLIC        LSC
  D:00C8H         PUBLIC        T2CON
  C:0138H         PUBLIC        _display
  D:00D0H         PUBLIC        PSW
  -------         PROC          _DELAY
  D:0006H         SYMBOL        i
  C:0479H         LINE#         37
  C:0479H         LINE#         38
  C:0479H         LINE#         39
  C:0483H         LINE#         40
  -------         ENDPROC       _DELAY
  -------         PROC          _WE
  D:0007H         SYMBOL        i
  C:03ACH         LINE#         43
  C:03ACH         LINE#         44
  C:03ACH         LINE#         45
  C:03C8H         LINE#         46
  C:03C8H         LINE#         47
  C:03CCH         LINE#         48
  C:03D3H         LINE#         49
  C:03D7H         LINE#         50
  C:03DEH         LINE#         51
  C:03E2H         LINE#         52
  C:03E9H         LINE#         53
  C:03EDH         LINE#         54
  C:03F3H         LINE#         55
  C:03F3H         LINE#         56
  -------         ENDPROC       _WE
  -------         PROC          _TIMER0
  D:0008H         SYMBOL        t
  C:02E4H         LINE#         58
  C:02E8H         LINE#         59
  C:02E8H         LINE#         60
  C:02EBH         LINE#         61
  C:0311H         LINE#         62
  C:033BH         LINE#         63
  C:033EH         LINE#         64
  C:0341H         LINE#         65
  C:0343H         LINE#         66
  C:0345H         LINE#         67
  C:0347H         LINE#         68
  -------         ENDPROC       _TIMER0
  -------         PROC          _TIMER1
  D:0008H         SYMBOL        t
  C:0348H         LINE#         70
  C:034CH         LINE#         71
  C:034CH         LINE#         72
  C:034FH         LINE#         73
  C:0375H         LINE#         74
  C:039FH         LINE#         75
  C:03A2H         LINE#         76
  C:03A5H         LINE#         77
  C:03A7H         LINE#         78
BL51 BANKED LINKER/LOCATER V6.22                                                      12/20/2018  10:09:49  PAGE 4


  C:03A9H         LINE#         79
  C:03ABH         LINE#         80
  -------         ENDPROC       _TIMER1
  -------         PROC          UART
  C:0452H         LINE#         82
  C:0452H         LINE#         83
  C:0452H         LINE#         84
  C:0455H         LINE#         85
  C:0458H         LINE#         86
  C:045BH         LINE#         87
  C:045EH         LINE#         88
  C:0460H         LINE#         89
  C:0463H         LINE#         90
  C:0465H         LINE#         91
  C:0467H         LINE#         92
  -------         ENDPROC       UART
  -------         PROC          _DISPLAY
  D:0003H         SYMBOL        j
  D:0008H         SYMBOL        t
  -------         DO            
  D:000AH         SYMBOL        n
  D:0002H         SYMBOL        i
  D:0012H         SYMBOL        m
  -------         ENDDO         
  C:0138H         LINE#         93
  C:013EH         LINE#         94
  C:013EH         LINE#         95
  C:0141H         LINE#         96
  C:0155H         LINE#         97
  C:0155H         LINE#         98
  C:0165H         LINE#         99
  C:0173H         LINE#         100
  C:0176H         LINE#         101
  C:0180H         LINE#         102
  C:0180H         LINE#         103
  C:018DH         LINE#         104
  C:0194H         LINE#         105
  C:0197H         LINE#         106
  C:01A2H         LINE#         107
  C:01A2H         LINE#         108
  C:01A5H         LINE#         109
  C:01A9H         LINE#         110
  C:01B0H         LINE#         111
  C:01C3H         LINE#         112
  C:01C9H         LINE#         113
  C:01CCH         LINE#         114
  -------         ENDPROC       _DISPLAY
  -------         PROC          KEY
  -------         DO            
  D:0008H         SYMBOL        a
  -------         ENDDO         
  C:0259H         LINE#         116
  C:0259H         LINE#         117
  C:0259H         LINE#         118
  C:025CH         LINE#         119
  C:025FH         LINE#         120
  C:0265H         LINE#         121
BL51 BANKED LINKER/LOCATER V6.22                                                      12/20/2018  10:09:49  PAGE 5


  C:0265H         LINE#         122
  C:026BH         LINE#         123
  C:0271H         LINE#         124
  C:0271H         LINE#         125
  C:0274H         LINE#         126
  C:0286H         LINE#         127
  C:0286H         LINE#         128
  C:028BH         LINE#         129
  C:0290H         LINE#         130
  C:0295H         LINE#         131
  C:0298H         LINE#         132
  C:0298H         LINE#         134
  C:029BH         LINE#         135
  C:02AEH         LINE#         136
  C:02AEH         LINE#         137
  C:02B3H         LINE#         138
  C:02B7H         LINE#         139
  C:02BBH         LINE#         140
  C:02C1H         LINE#         141
  C:02C1H         LINE#         142
  C:02D0H         LINE#         143
  C:02D0H         LINE#         144
  C:02D6H         LINE#         145
  C:02D8H         LINE#         146
  C:02DAH         LINE#         147
  C:02DFH         LINE#         149
  C:02DFH         LINE#         151
  C:02DFH         LINE#         152
  C:02E3H         LINE#         153
  -------         ENDPROC       KEY
  -------         PROC          MAIN
  C:0438H         LINE#         2
  C:0438H         LINE#         3
  C:0438H         LINE#         4
  C:0440H         LINE#         5
  C:0446H         LINE#         6
  C:044CH         LINE#         7
  C:044EH         LINE#         8
  C:0450H         LINE#         10
  -------         ENDPROC       MAIN
  -------         ENDMOD        TEST

  -------         MODULE        ?C?IMUL
  C:0003H         PUBLIC        ?C?IMUL
  -------         ENDMOD        ?C?IMUL

  -------         MODULE        ?C?UIDIV
  C:0015H         PUBLIC        ?C?UIDIV
  -------         ENDMOD        ?C?UIDIV

  -------         MODULE        ?C?SLDIV
  C:03F4H         PUBLIC        ?C?SLDIV
  -------         ENDMOD        ?C?SLDIV

  -------         MODULE        ?C?ULDIV
  C:00A6H         PUBLIC        ?C?ULDIV
  -------         ENDMOD        ?C?ULDIV
BL51 BANKED LINKER/LOCATER V6.22                                                      12/20/2018  10:09:49  PAGE 6



Program Size: data=29.0 xdata=0 code=1160
LINK/LOCATE RUN COMPLETE.  0 WARNING(S),  0 ERROR(S)
