C51 COMPILER V9.54   TEST                                                                  12/20/2018 10:09:49 PAGE 1   


C51 COMPILER V9.54, COMPILATION OF MODULE TEST
OBJECT MODULE PLACED IN .\Objects\test.obj
COMPILER INVOKED BY: C:\Keil_v5\C51\BIN\C51.EXE test.c ROM(SMALL) OPTIMIZE(8,SPEED) BROWSE DEBUG OBJECTEXTEND PRINT(.\Li
                    -stings\test.lst) TABS(2) OBJECT(.\Objects\test.obj)

line level    source

   1          #include <stdhead.h>
*** WARNING C323 IN LINE 1 OF C:\Keil_v5\C51\Inc\stdhead.h: newline expected, extra characters found
*** WARNING C323 IN LINE 1 OF \Keil_v5\C51\Inc\stdhead.h: newline expected, extra characters found
   2          void main()
   3          {
   4   1          display(2,9);
   5   1          timer0(10);
   6   1          timer1(18);
   7   1          uart();
   8   1          key();
   9   1          
  10   1          while(1);
  11   1      }   


MODULE INFORMATION:   STATIC OVERLAYABLE
   CODE SIZE        =    619    ----
   CONSTANT SIZE    =     17    ----
   XDATA SIZE       =   ----    ----
   PDATA SIZE       =   ----    ----
   DATA SIZE        =      9      16
   IDATA SIZE       =   ----    ----
   BIT SIZE         =   ----    ----
END OF MODULE INFORMATION.


C51 COMPILATION COMPLETE.  2 WARNING(S),  0 ERROR(S)
