BL51 BANKED LINKER/LOCATER V6.22                                                        01/27/2019  14:27:54  PAGE 1


BL51 BANKED LINKER/LOCATER V6.22, INVOKED BY:
C:\KEIL_V5NEW\C51\BIN\BL51.EXE .\Objects\test.obj TO .\Objects\test PRINT (.\Listings\test.m51)


MEMORY MODEL: SMALL


INPUT MODULES INCLUDED:
  .\Objects\test.obj (TEST)
  C:\KEIL_V5NEW\C51\LIB\C51S.LIB (?C_STARTUP)


LINK MAP OF MODULE:  .\Objects\test (TEST)


            TYPE    BASE      LENGTH    RELOCATION   SEGMENT NAME
            -----------------------------------------------------

            * * * * * * *   D A T A   M E M O R Y   * * * * * * *
            REG     0000H     0008H     ABSOLUTE     "REG BANK 0"
            IDATA   0008H     0001H     UNIT         ?STACK

            * * * * * * *   C O D E   M E M O R Y   * * * * * * *
            CODE    0000H     0003H     ABSOLUTE     
            CODE    0003H     000EH     UNIT         ?PR?MAIN?TEST
            CODE    0011H     000CH     UNIT         ?C_C51STARTUP
            CODE    001DH     000BH     UNIT         ?PR?_DELAY?TEST



OVERLAY MAP OF MODULE:   .\Objects\test (TEST)


SEGMENT
  +--> CALLED SEGMENT
---------------------
?C_C51STARTUP
  +--> ?PR?MAIN?TEST

?PR?MAIN?TEST
  +--> ?PR?_DELAY?TEST



SYMBOL TABLE OF MODULE:  .\Objects\test (TEST)

  VALUE           TYPE          NAME
  ----------------------------------

  -------         MODULE        TEST
  C:0000H         SYMBOL        _ICE_DUMMY_
  D:0080H         PUBLIC        P0
  D:0090H         PUBLIC        P1
  C:001DH         PUBLIC        _delay
  B:0090H.3       PUBLIC        BEEP
  C:0003H         PUBLIC        main
  -------         PROC          _DELAY
  D:0006H         SYMBOL        i
BL51 BANKED LINKER/LOCATER V6.22                                                      01/27/2019  14:27:54  PAGE 2


  C:001DH         LINE#         3
  C:001DH         LINE#         4
  C:001DH         LINE#         5
  C:0027H         LINE#         6
  -------         ENDPROC       _DELAY
  -------         PROC          MAIN
  C:0003H         LINE#         7
  C:0003H         LINE#         8
  C:0003H         LINE#         9
  C:0006H         LINE#         10
  C:0006H         LINE#         11
  C:0006H         LINE#         12
  C:0008H         LINE#         13
  C:000FH         LINE#         14
  -------         ENDPROC       MAIN
  -------         ENDMOD        TEST

Program Size: data=9.0 xdata=0 code=40
LINK/LOCATE RUN COMPLETE.  0 WARNING(S),  0 ERROR(S)
